// Jest Snapshot v1, https://goo.gl/fbAQLP

exports[`when options.parallel false matches snapshot: errors 1`] = `Array []`;

exports[`when options.parallel false matches snapshot: main.c26a2e0fdba39d045bc6.js 1`] = `"webpackJsonp([0],[function(o,n){o.exports=function(){console.log(7)}}],[0]);"`;

exports[`when options.parallel false matches snapshot: manifest.d6857f782c13a99b5917.js 1`] = `"!function(i){var p=window.webpackJsonp;window.webpackJsonp=function(r,n,e){for(var o,t,u,c=0,f=[];c<r.length;c++)t=r[c],a[t]&&f.push(a[t][0]),a[t]=0;for(o in n)Object.prototype.hasOwnProperty.call(n,o)&&(i[o]=n[o]);for(p&&p(r,n,e);f.length;)f.shift()();if(e)for(c=0;c<e.length;c++)u=l(l.s=e[c]);return u};var e={},a={1:0};function l(r){if(e[r])return e[r].exports;var n=e[r]={i:r,l:!1,exports:{}};return i[r].call(n.exports,n,n.exports,l),n.l=!0,n.exports}l.m=i,l.c=e,l.d=function(r,n,e){l.o(r,n)||Object.defineProperty(r,n,{configurable:!1,enumerable:!0,get:e})},l.n=function(r){var n=r&&r.__esModule?function(){return r.default}:function(){return r};return l.d(n,\\"a\\",n),n},l.o=function(r,n){return Object.prototype.hasOwnProperty.call(r,n)},l.p=\\"\\",l.oe=function(r){throw console.error(r),r}}([]);"`;

exports[`when options.parallel false matches snapshot: warnings 1`] = `Array []`;

exports[`when options.parallel number matches snapshot: errors 1`] = `Array []`;

exports[`when options.parallel number matches snapshot: main.c26a2e0fdba39d045bc6.js 1`] = `"webpackJsonp([0],[function(o,n){o.exports=function(){console.log(7)}}],[0]);"`;

exports[`when options.parallel number matches snapshot: manifest.d6857f782c13a99b5917.js 1`] = `"!function(i){var p=window.webpackJsonp;window.webpackJsonp=function(r,n,e){for(var o,t,u,c=0,f=[];c<r.length;c++)t=r[c],a[t]&&f.push(a[t][0]),a[t]=0;for(o in n)Object.prototype.hasOwnProperty.call(n,o)&&(i[o]=n[o]);for(p&&p(r,n,e);f.length;)f.shift()();if(e)for(c=0;c<e.length;c++)u=l(l.s=e[c]);return u};var e={},a={1:0};function l(r){if(e[r])return e[r].exports;var n=e[r]={i:r,l:!1,exports:{}};return i[r].call(n.exports,n,n.exports,l),n.l=!0,n.exports}l.m=i,l.c=e,l.d=function(r,n,e){l.o(r,n)||Object.defineProperty(r,n,{configurable:!1,enumerable:!0,get:e})},l.n=function(r){var n=r&&r.__esModule?function(){return r.default}:function(){return r};return l.d(n,\\"a\\",n),n},l.o=function(r,n){return Object.prototype.hasOwnProperty.call(r,n)},l.p=\\"\\",l.oe=function(r){throw console.error(r),r}}([]);"`;

exports[`when options.parallel number matches snapshot: warnings 1`] = `Array []`;

exports[`when options.parallel true matches snapshot: errors 1`] = `Array []`;

exports[`when options.parallel true matches snapshot: main.c26a2e0fdba39d045bc6.js 1`] = `"webpackJsonp([0],[function(o,n){o.exports=function(){console.log(7)}}],[0]);"`;

exports[`when options.parallel true matches snapshot: manifest.d6857f782c13a99b5917.js 1`] = `"!function(i){var p=window.webpackJsonp;window.webpackJsonp=function(r,n,e){for(var o,t,u,c=0,f=[];c<r.length;c++)t=r[c],a[t]&&f.push(a[t][0]),a[t]=0;for(o in n)Object.prototype.hasOwnProperty.call(n,o)&&(i[o]=n[o]);for(p&&p(r,n,e);f.length;)f.shift()();if(e)for(c=0;c<e.length;c++)u=l(l.s=e[c]);return u};var e={},a={1:0};function l(r){if(e[r])return e[r].exports;var n=e[r]={i:r,l:!1,exports:{}};return i[r].call(n.exports,n,n.exports,l),n.l=!0,n.exports}l.m=i,l.c=e,l.d=function(r,n,e){l.o(r,n)||Object.defineProperty(r,n,{configurable:!1,enumerable:!0,get:e})},l.n=function(r){var n=r&&r.__esModule?function(){return r.default}:function(){return r};return l.d(n,\\"a\\",n),n},l.o=function(r,n){return Object.prototype.hasOwnProperty.call(r,n)},l.p=\\"\\",l.oe=function(r){throw console.error(r),r}}([]);"`;

exports[`when options.parallel true matches snapshot: warnings 1`] = `Array []`;
