// Jest Snapshot v1, https://goo.gl/fbAQLP

exports[`when using MultiCompiler with empty options matches snapshot: compiler plugin count 1`] = `
Object {
  "after-emit": 1,
  "after-resolvers": 2,
  "before-run": 1,
  "compilation": 32,
  "done": 1,
  "entry-option": 1,
  "invalid": 1,
  "make": 1,
  "this-compilation": 1,
}
`;

exports[`when using MultiCompiler with empty options matches snapshot: errors 1`] = `Array []`;

exports[`when using MultiCompiler with empty options matches snapshot: errors 2`] = `Array []`;

exports[`when using MultiCompiler with empty options matches snapshot: errors 3`] = `Array []`;

exports[`when using MultiCompiler with empty options matches snapshot: main.8a9ef9e5a8e47bdba2c6.js 1`] = `
"/******/ (function(modules) { // webpackBootstrap
/******/ 	// The module cache
/******/ 	var installedModules = {};
/******/
/******/ 	// The require function
/******/ 	function __webpack_require__(moduleId) {
/******/
/******/ 		// Check if module is in cache
/******/ 		if(installedModules[moduleId]) {
/******/ 			return installedModules[moduleId].exports;
/******/ 		}
/******/ 		// Create a new module (and put it into the cache)
/******/ 		var module = installedModules[moduleId] = {
/******/ 			i: moduleId,
/******/ 			l: false,
/******/ 			exports: {}
/******/ 		};
/******/
/******/ 		// Execute the module function
/******/ 		modules[moduleId].call(module.exports, module, module.exports, __webpack_require__);
/******/
/******/ 		// Flag the module as loaded
/******/ 		module.l = true;
/******/
/******/ 		// Return the exports of the module
/******/ 		return module.exports;
/******/ 	}
/******/
/******/
/******/ 	// expose the modules object (__webpack_modules__)
/******/ 	__webpack_require__.m = modules;
/******/
/******/ 	// expose the module cache
/******/ 	__webpack_require__.c = installedModules;
/******/
/******/ 	// define getter function for harmony exports
/******/ 	__webpack_require__.d = function(exports, name, getter) {
/******/ 		if(!__webpack_require__.o(exports, name)) {
/******/ 			Object.defineProperty(exports, name, {
/******/ 				configurable: false,
/******/ 				enumerable: true,
/******/ 				get: getter
/******/ 			});
/******/ 		}
/******/ 	};
/******/
/******/ 	// getDefaultExport function for compatibility with non-harmony modules
/******/ 	__webpack_require__.n = function(module) {
/******/ 		var getter = module && module.__esModule ?
/******/ 			function getDefault() { return module['default']; } :
/******/ 			function getModuleExports() { return module; };
/******/ 		__webpack_require__.d(getter, 'a', getter);
/******/ 		return getter;
/******/ 	};
/******/
/******/ 	// Object.prototype.hasOwnProperty.call
/******/ 	__webpack_require__.o = function(object, property) { return Object.prototype.hasOwnProperty.call(object, property); };
/******/
/******/ 	// __webpack_public_path__
/******/ 	__webpack_require__.p = \\"\\";
/******/
/******/ 	// Load entry module and return exports
/******/ 	return __webpack_require__(__webpack_require__.s = 0);
/******/ })
/************************************************************************/
/******/ ([
/* 0 */
/***/ (function(module, exports) {

// foo
/* @preserve*/
// bar
var a = 2 + 2;

module.exports = function Foo() {
  var b = 2 + 2;
  console.log(b + 1 + 2);
};


/***/ })
/******/ ]);"
`;

exports[`when using MultiCompiler with empty options matches snapshot: main.8a9ef9e5a8e47bdba2c6.js 2`] = `"!function(e){var r={};function o(n){if(r[n])return r[n].exports;var t=r[n]={i:n,l:!1,exports:{}};return e[n].call(t.exports,t,t.exports,o),t.l=!0,t.exports}o.m=e,o.c=r,o.d=function(n,t,e){o.o(n,t)||Object.defineProperty(n,t,{configurable:!1,enumerable:!0,get:e})},o.n=function(n){var t=n&&n.__esModule?function(){return n.default}:function(){return n};return o.d(t,\\"a\\",t),t},o.o=function(n,t){return Object.prototype.hasOwnProperty.call(n,t)},o.p=\\"\\",o(o.s=0)}([function(n,t){n.exports=function(){console.log(7)}}]);"`;

exports[`when using MultiCompiler with empty options matches snapshot: main.c7898b7a9136d7f2b077.js 1`] = `"!function(n){var e={};function o(t){if(e[t])return e[t].exports;var r=e[t]={i:t,l:!1,exports:{}};return n[t].call(r.exports,r,r.exports,o),r.l=!0,r.exports}o.m=n,o.c=e,o.d=function(t,r,n){o.o(t,r)||Object.defineProperty(t,r,{configurable:!1,enumerable:!0,get:n})},o.n=function(t){var r=t&&t.__esModule?function(){return t.default}:function(){return t};return o.d(r,\\"a\\",r),r},o.o=function(t,r){return Object.prototype.hasOwnProperty.call(t,r)},o.p=\\"\\",o(o.s=0)}([function(t,r,n){\\"use strict\\";Object.defineProperty(r,\\"__esModule\\",{value:!0});var e=n(1);r.default=function(){var t=e.b,r=\\"baz\\"+Math.random().toString();return function(){return{a:t+e.a+r,b:t,baz:r}}}},function(t,r,n){\\"use strict\\";n.d(r,\\"a\\",function(){return e});var e=\\"bar\\";r.b=\\"foo\\"}]);"`;

exports[`when using MultiCompiler with empty options matches snapshot: warnings 1`] = `Array []`;

exports[`when using MultiCompiler with empty options matches snapshot: warnings 2`] = `Array []`;

exports[`when using MultiCompiler with empty options matches snapshot: warnings 3`] = `Array []`;
