// Jest Snapshot v1, https://goo.gl/fbAQLP

exports[`when applied with test option with empty value: 0.0.js?ver=8d760f8446eb09adad20 1`] = `"webpackJsonp([0],{5:function(e,t,c){\\"use strict\\";Object.defineProperty(t,\\"__esModule\\",{value:!0}),t.default=\\"async-dep\\"}});"`;

exports[`when applied with test option with empty value: AsyncImportExport.js?var=8d760f8446eb09adad20 1`] = `"webpackJsonp([4],{4:function(e,n,o){\\"use strict\\";Object.defineProperty(n,\\"__esModule\\",{value:!0}),o.e(0).then(o.bind(null,5)).then(function(){console.log(\\"Good\\")}),n.default=\\"Awesome\\"}},[4]);"`;

exports[`when applied with test option with empty value: errors 1`] = `Array []`;

exports[`when applied with test option with empty value: importExport.js?var=8d760f8446eb09adad20 1`] = `"webpackJsonp([1],[,,function(t,n,r){\\"use strict\\";Object.defineProperty(n,\\"__esModule\\",{value:!0});var a=r(3);n.default=function(){var t=a.b,n=\\"baz\\"+Math.random().toString();return function(){return{a:t+a.a+n,b:t,baz:n}}}},function(t,n,r){\\"use strict\\";r.d(n,\\"a\\",function(){return a});var a=\\"bar\\";n.b=\\"foo\\"}],[2]);"`;

exports[`when applied with test option with empty value: js.js?var=8d760f8446eb09adad20 1`] = `"webpackJsonp([3],[function(o,n){o.exports=function(){console.log(7)}}],[0]);"`;

exports[`when applied with test option with empty value: manifest.js?var=8d760f8446eb09adad20 1`] = `"!function(i){var f=window.webpackJsonp;window.webpackJsonp=function(e,r,n){for(var t,o,a,c=0,u=[];c<e.length;c++)o=e[c],l[o]&&u.push(l[o][0]),l[o]=0;for(t in r)Object.prototype.hasOwnProperty.call(r,t)&&(i[t]=r[t]);for(f&&f(e,r,n);u.length;)u.shift()();if(n)for(c=0;c<n.length;c++)a=s(s.s=n[c]);return a};var n={},l={5:0};function s(e){if(n[e])return n[e].exports;var r=n[e]={i:e,l:!1,exports:{}};return i[e].call(r.exports,r,r.exports,s),r.l=!0,r.exports}s.e=function(n){var t=l[n];if(0===t)return new Promise(function(e){e()});if(t)return t[2];var e=new Promise(function(e,r){t=l[n]=[e,r]});t[2]=e;var r=document.getElementsByTagName(\\"head\\")[0],o=document.createElement(\\"script\\");o.type=\\"text/javascript\\",o.charset=\\"utf-8\\",o.async=!0,o.timeout=12e4,s.nc&&o.setAttribute(\\"nonce\\",s.nc),o.src=s.p+\\"\\"+n+\\".\\"+({}[n]||n)+\\".js?ver=8d760f8446eb09adad20\\";var a=setTimeout(c,12e4);function c(){o.onerror=o.onload=null,clearTimeout(a);var e=l[n];0!==e&&(e&&e[1](new Error(\\"Loading chunk \\"+n+\\" failed.\\")),l[n]=void 0)}return o.onerror=o.onload=c,r.appendChild(o),e},s.m=i,s.c=n,s.d=function(e,r,n){s.o(e,r)||Object.defineProperty(e,r,{configurable:!1,enumerable:!0,get:n})},s.n=function(e){var r=e&&e.__esModule?function(){return e.default}:function(){return e};return s.d(r,\\"a\\",r),r},s.o=function(e,r){return Object.prototype.hasOwnProperty.call(e,r)},s.p=\\"\\",s.oe=function(e){throw console.error(e),e}}([]);"`;

exports[`when applied with test option with empty value: mjs.js?var=8d760f8446eb09adad20 1`] = `"webpackJsonp([2],[,function(o,n){o.exports=function(){console.log(7)}}],[1]);"`;

exports[`when applied with test option with empty value: warnings 1`] = `Array []`;
